// Jest Snapshot v1, https://goo.gl/fbAQLP

exports[`Should header render 1`] = `
<header
  className="main-header"
>
  <LogoAndThemes />
</header>
`;
