// Jest Snapshot v1, https://goo.gl/fbAQLP

exports[`ImagePlace component Should ImagePlace render 1`] = `
<section
  className="image-place"
/>
`;
